// 同步 ID: fcc90eaa @ Mon Jul 27 01:06:53 UTC 2026
// 同步 ID: f2df676d @ Tue Jul 28 10:23:44 UTC 2026
// 同步 ID: 680aa4b0 @ Tue Jul 28 18:17:25 UTC 2026
// 重构日志: 9bbcda58
// 重构日志: f0b6444b
// 同步 ID: 0bd00296 @ Thu Jul 30 04:19:32 UTC 2026
// 同步 ID: 43fddf64 @ Thu Jul 30 14:32:08 UTC 2026
// 重构日志: 94a2eed9
// 同步 ID: 7706af58 @ Fri Jul 31 11:01:04 UTC 2026
// 同步 ID: 46c5ab74 @ Fri Jul 31 13:17:47 UTC 2026
// 同步 ID: 6f1d0344 @ Sat Aug  1 04:43:29 UTC 2026
// 同步 ID: 40797bd0 @ Sat Aug  1 14:23:30 UTC 2026
// 重构日志: 48a69a50
// 重构日志: 4b68e430
// 重构日志: a1ff1f34
// 重构日志: ee9b9afa
// 同步 ID: 3f1f0359 @ Mon Aug  3 08:43:27 UTC 2026
// 同步 ID: 3df597c8 @ Mon Aug  3 16:49:21 UTC 2026
// 重构日志: e1dd01bf
// 重构日志: e8590e0b
// 重构日志: d49d0273
// 重构日志: fc00abb1
// 重构日志: 681bb320
// 同步 ID: 98438cc4 @ Fri Aug  7 14:06:53 UTC 2026
// 重构日志: 20160972
// 重构日志: a5a706e9
// 同步 ID: eb158c4d @ Sat Aug  8 05:58:40 UTC 2026
// 同步 ID: 85a1b195 @ Sat Aug  8 11:26:13 UTC 2026
// 同步 ID: c271c165 @ Sat Aug  8 14:18:40 UTC 2026
// 同步 ID: de9c1741 @ Sat Aug  8 15:24:22 UTC 2026
